base referer
rect $classAlbaranClienteListSubform.html 7,265 215,385
rect $classAlbaranesProveedorListSubform.html 239,265 482,385
rect $classArticuloListSubForm.html 506,280 677,370
rect $classClienteListSubform.html 701,280 863,370
rect $classCobrosListSubForm.html 887,280 1055,370
rect $classFacturasListSubform.html 1079,265 1253,385
rect $classFacturasProveedorListSubform.html 1277,265 1511,385
rect $classInventariosSubForm.html 1535,273 1703,377
rect $classListAlmacenSubForm.html 1727,273 1903,377
rect $classListCompArticuloView.html 1927,258 2106,392
rect $classListConfiguracionSubForm.html 2130,273 2338,377
rect $classListControlStockView.html 2362,265 2538,385
rect $classListDescuentoAlbaranClienteView.html 2562,273 2813,377
rect $classListDescuentoAlbaranProvView.html 2837,273 3071,377
rect $classListDescuentoFacturaProvView.html 3095,273 3330,377
rect $classListDescuentoFacturaView.html 3354,273 3562,377
rect $classListDescuentoPedidoClienteView.html 3586,273 3831,377
rect $classListDescuentoPedidoProveedorView.html 3855,273 4119,377
rect $classListDescuentoPresupuestoView.html 4143,273 4381,377
rect $classListLinAlbaranClienteView.html 4405,250 4607,400
rect $classListLinAlbaranProveedorView.html 4631,250 4855,400
rect $classListLinFacturaProveedorView.html 4879,250 5101,400
rect $classListLinFacturaView.html 5125,250 5303,400
rect $classListLinPedidoClienteView.html 5327,250 5527,400
rect $classListLinPedidoProveedorView.html 5551,250 5770,400
rect $classlistlinpresupuestoview.html 5794,250 5973,400
rect $classListSerieFacturaSubForm.html 5997,273 6197,377
rect $classPagosListSubForm.html 6221,280 6383,370
rect $classPedidosClienteListSubform.html 6407,265 6618,385
rect $classPedidosProveedorListSubform.html 6642,265 6871,385
rect $classPresupuestoListSubForm.html 6895,265 7095,385
rect $classProveedorListSubform.html 7119,265 7301,385
