base referer
rect $classSubForm2Bf.html 9,752 105,776
rect $classAlbaranClienteListSubform.html 182,8 364,32
rect $classAlbaranesProveedorListSubform.html 165,56 381,80
rect $classArticuloListSubForm.html 201,104 345,128
rect $classClienteListSubform.html 206,152 340,176
rect $classCobrosListSubForm.html 204,200 342,224
rect $classFacturasListSubform.html 201,248 345,272
rect $classFacturasProveedorListSubform.html 170,296 376,320
rect $classInventariosSubForm.html 202,344 344,368
rect $classListAlmacenSubForm.html 198,392 348,416
rect $classListCompArticuloView.html 197,440 349,464
rect $classListConfiguracionSubForm.html 184,488 362,512
rect $classListControlStockView.html 200,536 346,560
rect $classListDescuentoAlbaranClienteView.html 162,584 384,608
rect $classListDescuentoAlbaranProvView.html 169,632 377,656
rect $classListDescuentoFacturaProvView.html 169,680 377,704
rect $classListDescuentoFacturaView.html 184,728 362,752
rect $classListDescuentoPedidoClienteView.html 165,776 381,800
rect $classListDescuentoPedidoProveedorView.html 154,824 392,848
rect $classListDescuentoPresupuestoView.html 168,872 378,896
rect $classListLinAlbaranClienteView.html 185,920 361,944
rect $classListLinAlbaranProveedorView.html 176,968 370,992
rect $classListLinFacturaProveedorView.html 176,1016 370,1040
rect $classListLinFacturaView.html 206,1064 340,1088
rect $classListLinPedidoClienteView.html 188,1112 358,1136
rect $classListLinPedidoProveedorView.html 178,1160 368,1184
rect $classlistlinpresupuestoview.html 198,1208 348,1232
rect $classListSerieFacturaSubForm.html 186,1256 360,1280
rect $classPagosListSubForm.html 206,1304 340,1328
rect $classPedidosClienteListSubform.html 182,1352 364,1376
rect $classPedidosProveedorListSubform.html 172,1400 374,1424
rect $classPresupuestoListSubForm.html 188,1448 358,1472
rect $classProveedorListSubform.html 196,1496 350,1520
